// Jest Snapshot v1, https://goo.gl/fbAQLP

exports[`detail actions should get PokemonEgggroup 1`] = `
ApiRequestService {
  "axiosService": [MockFunction],
  "baseURL": "https://pokeapi.co/api/v2",
  "constructor": [MockFunction],
  "getApi": [MockFunction],
}
`;

exports[`detail actions should get PokemonSpecies 1`] = `
ApiRequestService {
  "axiosService": [MockFunction],
  "baseURL": "https://pokeapi.co/api/v2",
  "constructor": [MockFunction],
  "getApi": [MockFunction],
}
`;

exports[`detail actions should get bookmarks 1`] = `
ApiRequestService {
  "axiosService": [MockFunction],
  "baseURL": "https://pokeapi.co/api/v2",
  "constructor": [MockFunction],
  "getApi": [MockFunction],
}
`;
